.\.venv\Scripts\python : 
Creating test database 
for alias 'default' ('fil
e:memorydb_default?mode=m
emory&cache=shared')...
At line:1 char:1
+ .\.venv\Scripts\python 
manage.py test 
integrations.tests_sync 
-v 2 >  ...
+ ~~~~~~~~~~~~~~~~~~~~~~~
~~~~~~~~~~~~~~~~~~~~~~~~~
~~~~~~~~~~~~~~~~~~~~~
    + CategoryInfo       
       : NotSpecified:   
  (Creating test d...c   
 he=shared')...:Strin    
g) [], RemoteExcepti    
on
    + FullyQualifiedErro 
   rId : NativeCommandE  
  rror
 

Found 3 test(s).
Operations to perform:
  Synchronize unmigrated apps: channels, messages, rest_framework, rest_framework_simplejwt, staticfiles
  Apply all migrations: admin, auth, challenges, contenttypes, contests, dashboard, django_celery_beat, friends, groups, integrations, notifications, problems, profiles, ranking, revision, sessions, users
Synchronizing apps without migrations:
  Creating tables...
    Running deferred SQL...
Running migrations:
  Applying contenttypes.0001_initial... OK
  Applying contenttypes.0002_remove_content_type_name... OK
  Applying auth.0001_initial... OK
  Applying auth.0002_alter_permission_name_max_length... OK
  Applying auth.0003_alter_user_email_max_length... OK
  Applying auth.0004_alter_user_username_opts... OK
  Applying auth.0005_alter_user_last_login_null... OK
  Applying auth.0006_require_contenttypes_0002... OK
  Applying auth.0007_alter_validators_add_error_messages... OK
  Applying auth.0008_alter_user_username_max_length... OK
  Applying auth.0009_alter_user_last_name_max_length... OK
  Applying auth.0010_alter_group_name_max_length... OK
  Applying auth.0011_update_proxy_permissions... OK
  Applying auth.0012_alter_user_first_name_max_length... OK
  Applying users.0001_initial... OK
  Applying admin.0001_initial... OK
  Applying admin.0002_logentry_remove_auto_add... OK
  Applying admin.0003_logentry_add_action_flag_choices... OK
  Applying problems.0001_initial... OK
  Applying challenges.0001_initial... OK
  Applying challenges.0002_initial... OK
  Applying challenges.0003_initial... OK
  Applying groups.0001_initial... OK
  Applying contests.0001_initial... OK
  Applying contests.0002_initial... OK
  Applying contests.0003_initial... OK
  Applying dashboard.0001_initial... OK
  Applying dashboard.0002_initial... OK
  Applying django_celery_beat.0001_initial... OK
  Applying django_celery_beat.0002_auto_20161118_0346... OK
  Applying django_celery_beat.0003_auto_20161209_0049... OK
  Applying django_celery_beat.0004_auto_20170221_0000... OK
  Applying django_celery_beat.0005_add_solarschedule_events_choices... OK
  Applying django_celery_beat.0006_auto_20180322_0932... OK
  Applying django_celery_beat.0007_auto_20180521_0826... OK
  Applying django_celery_beat.0008_auto_20180914_1922... OK
  Applying django_celery_beat.0006_auto_20180210_1226... OK
  Applying django_celery_beat.0006_periodictask_priority... OK
  Applying django_celery_beat.0009_periodictask_headers... OK
  Applying django_celery_beat.0010_auto_20190429_0326... OK
  Applying django_celery_beat.0011_auto_20190508_0153... OK
  Applying django_celery_beat.0012_periodictask_expire_seconds... OK
  Applying django_celery_beat.0013_auto_20200609_0727... OK
  Applying django_celery_beat.0014_remove_clockedschedule_enabled... OK
  Applying django_celery_beat.0015_edit_solarschedule_events_choices... OK
  Applying django_celery_beat.0016_alter_crontabschedule_timezone... OK
  Applying django_celery_beat.0017_alter_crontabschedule_month_of_year... OK
  Applying django_celery_beat.0018_improve_crontab_helptext... OK
  Applying django_celery_beat.0019_alter_periodictasks_options... OK
  Applying friends.0001_initial... OK
  Applying friends.0002_initial... OK
  Applying groups.0002_initial... OK
  Applying integrations.0001_initial... OK
  Applying integrations.0002_initial... OK
  Applying notifications.0001_initial... OK
  Applying notifications.0002_initial... OK
  Applying problems.0002_initial... OK
  Applying profiles.0001_initial... OK
  Applying profiles.0002_initial... OK
  Applying ranking.0001_initial... OK
  Applying ranking.0002_initial... OK
  Applying revision.0001_initial... OK
  Applying revision.0002_initial... OK
  Applying sessions.0001_initial... OK
  Applying users.0002_remove_user_country_emailverificationtoken_code... OK
  Applying users.0003_alter_user_email_verified_and_more... OK
test_fuzzy_matching (inte
grations.tests_sync.Probl
emSyncTestCase.test_fuzzy
_matching) ... ERROR
test_normalization (integ
rations.tests_sync.Proble
mSyncTestCase.test_normal
ization) ... ok
test_sync_flow (integrati
ons.tests_sync.ProblemSyn
cTestCase.test_sync_flow)
 ... ERROR

=========================
=========================
====================
ERROR: 
test_fuzzy_matching (inte
grations.tests_sync.Probl
emSyncTestCase.test_fuzzy
_matching)
-------------------------
-------------------------
--------------------
Traceback (most recent 
call last):
  File "S:\Projects\LeetG
ram\.venv\Lib\site-packag
es\django\db\backends\uti
ls.py", line 105, in 
_execute
    return 
self.cursor.execute(sql, 
params)
           ~~~~~~~~~~~~~~
~~~~~^^^^^^^^^^^^^
  File "S:\Projects\LeetG
ram\.venv\Lib\site-packag
es\django\db\backends\sql
ite3\base.py", line 359, 
in execute
    return 
super().execute(query, 
params)
           ~~~~~~~~~~~~~~
~^^^^^^^^^^^^^^^
sqlite3.OperationalError:
 table problems_problem 
has no column named 
canonical_name

The above exception was 
the direct cause of the 
following exception:

Traceback (most recent 
call last):
  File "S:\Projects\LeetG
ram\integrations\tests_sy
nc.py", line 22, in 
test_fuzzy_matching
    p1 = Problem.objects.
create(canonical_name="Tw
o Sum", difficulty=self.d
ifficulty_easy)
  File "S:\Projects\LeetG
ram\.venv\Lib\site-packag
es\django\db\models\manag
er.py", line 87, in 
manager_method
    return getattr(self.g
et_queryset(), 
name)(*args, **kwargs)
           ~~~~~~~~~~~~~~
~~~~~~~~~~~~~~~~~~~~^^^^^
^^^^^^^^^^^^
  File "S:\Projects\LeetG
ram\.venv\Lib\site-packag
es\django\db\models\query
.py", line 669, in create
    obj.save(force_insert
=True, using=self.db)
    ~~~~~~~~^^^^^^^^^^^^^
^^^^^^^^^^^^^^^^^^^^^
  File "S:\Projects\LeetG
ram\problems\models.py", 
line 76, in save
    super().save(*args, 
**kwargs)
    ~~~~~~~~~~~~^^^^^^^^^
^^^^^^^^
  File "S:\Projects\LeetG
ram\.venv\Lib\site-packag
es\django\db\models\base.
py", line 874, in save
    self.save_base(
    ~~~~~~~~~~~~~~^
        using=using,
        ^^^^^^^^^^^^
    ...<2 lines>...
        update_fields=upd
ate_fields,
        ^^^^^^^^^^^^^^^^^
^^^^^^^^^^^
    )
    ^
  File "S:\Projects\LeetG
ram\.venv\Lib\site-packag
es\django\db\models\base.
py", line 966, in 
save_base
    updated = 
self._save_table(
        raw,
    ...<4 lines>...
        update_fields,
    )
  File "S:\Projects\LeetG
ram\.venv\Lib\site-packag
es\django\db\models\base.
py", line 1169, in 
_save_table
    results = 
self._do_insert(
        
cls._base_manager, 
using, insert_fields, 
returning_fields, raw
    )
  File "S:\Projects\LeetG
ram\.venv\Lib\site-packag
es\django\db\models\base.
py", line 1220, in 
_do_insert
    return 
manager._insert(
           
~~~~~~~~~~~~~~~^
        [self],
        ^^^^^^^
    ...<3 lines>...
        raw=raw,
        ^^^^^^^^
    )
    ^
  File "S:\Projects\LeetG
ram\.venv\Lib\site-packag
es\django\db\models\manag
er.py", line 87, in 
manager_method
    return getattr(self.g
et_queryset(), 
name)(*args, **kwargs)
           ~~~~~~~~~~~~~~
~~~~~~~~~~~~~~~~~~~~^^^^^
^^^^^^^^^^^^
  File "S:\Projects\LeetG
ram\.venv\Lib\site-packag
es\django\db\models\query
.py", line 1918, in 
_insert
    return query.get_comp
iler(using=using).execute
_sql(returning_fields)
           ~~~~~~~~~~~~~~
~~~~~~~~~~~~~~~~~~~~~~~~~
~~~~^^^^^^^^^^^^^^^^^^
  File "S:\Projects\LeetG
ram\.venv\Lib\site-packag
es\django\db\models\sql\c
ompiler.py", line 1925, 
in execute_sql
    cursor.execute(sql, 
params)
    ~~~~~~~~~~~~~~^^^^^^^
^^^^^^
  File "S:\Projects\LeetG
ram\.venv\Lib\site-packag
es\django\db\backends\uti
ls.py", line 79, in 
execute
    return self._execute_
with_wrappers(
           ~~~~~~~~~~~~~~
~~~~~~~~~~~~~^
        sql, params, 
many=False, 
executor=self._execute
        ^^^^^^^^^^^^^^^^^
^^^^^^^^^^^^^^^^^^^^^^^^^
^^^^^
    )
    ^
  File "S:\Projects\LeetG
ram\.venv\Lib\site-packag
es\django\db\backends\uti
ls.py", line 92, in 
_execute_with_wrappers
    return executor(sql, 
params, many, context)
  File "S:\Projects\LeetG
ram\.venv\Lib\site-packag
es\django\db\backends\uti
ls.py", line 100, in 
_execute
    with self.db.wrap_dat
abase_errors:
         ^^^^^^^^^^^^^^^^
^^^^^^^^^^^^
  File "S:\Projects\LeetG
ram\.venv\Lib\site-packag
es\django\db\utils.py", 
line 94, in __exit__
    raise dj_exc_value.wi
th_traceback(traceback) 
from exc_value
  File "S:\Projects\LeetG
ram\.venv\Lib\site-packag
es\django\db\backends\uti
ls.py", line 105, in 
_execute
    return 
self.cursor.execute(sql, 
params)
           ~~~~~~~~~~~~~~
~~~~~^^^^^^^^^^^^^
  File "S:\Projects\LeetG
ram\.venv\Lib\site-packag
es\django\db\backends\sql
ite3\base.py", line 359, 
in execute
    return 
super().execute(query, 
params)
           ~~~~~~~~~~~~~~
~^^^^^^^^^^^^^^^
django.db.utils.Operation
alError: table 
problems_problem has no 
column named 
canonical_name

=========================
=========================
====================
ERROR: test_sync_flow (in
tegrations.tests_sync.Pro
blemSyncTestCase.test_syn
c_flow)
-------------------------
-------------------------
--------------------
Traceback (most recent 
call last):
  File "S:\Projects\LeetG
ram\.venv\Lib\site-packag
es\django\db\backends\uti
ls.py", line 105, in 
_execute
    return 
self.cursor.execute(sql, 
params)
           ~~~~~~~~~~~~~~
~~~~~^^^^^^^^^^^^^
  File "S:\Projects\LeetG
ram\.venv\Lib\site-packag
es\django\db\backends\sql
ite3\base.py", line 359, 
in execute
    return 
super().execute(query, 
params)
           ~~~~~~~~~~~~~~
~^^^^^^^^^^^^^^^
sqlite3.OperationalError:
 table integrations_exter
nalprofileconnection has 
no column named 
error_message

The above exception was 
the direct cause of the 
following exception:

Traceback (most recent 
call last):
  File "C:\Users\shivpras
ad\AppData\Local\Programs
\Python\Python313\Lib\uni
ttest\mock.py", line 
1426, in patched
    return 
func(*newargs, 
**newkeywargs)
  File "S:\Projects\LeetG
ram\integrations\tests_sy
nc.py", line 41, in 
test_sync_flow
    connection = External
ProfileConnection.objects
.create(
        user=self.user,
        
platform="leetcode",
        
username="test_lc"
    )
  File "S:\Projects\LeetG
ram\.venv\Lib\site-packag
es\django\db\models\manag
er.py", line 87, in 
manager_method
    return getattr(self.g
et_queryset(), 
name)(*args, **kwargs)
           ~~~~~~~~~~~~~~
~~~~~~~~~~~~~~~~~~~~^^^^^
^^^^^^^^^^^^
  File "S:\Projects\LeetG
ram\.venv\Lib\site-packag
es\django\db\models\query
.py", line 669, in create
    obj.save(force_insert
=True, using=self.db)
    ~~~~~~~~^^^^^^^^^^^^^
^^^^^^^^^^^^^^^^^^^^^
  File "S:\Projects\LeetG
ram\.venv\Lib\site-packag
es\django\db\models\base.
py", line 874, in save
    self.save_base(
    ~~~~~~~~~~~~~~^
        using=using,
        ^^^^^^^^^^^^
    ...<2 lines>...
        update_fields=upd
ate_fields,
        ^^^^^^^^^^^^^^^^^
^^^^^^^^^^^
    )
    ^
  File "S:\Projects\LeetG
ram\.venv\Lib\site-packag
es\django\db\models\base.
py", line 966, in 
save_base
    updated = 
self._save_table(
        raw,
    ...<4 lines>...
        update_fields,
    )
  File "S:\Projects\LeetG
ram\.venv\Lib\site-packag
es\django\db\models\base.
py", line 1169, in 
_save_table
    results = 
self._do_insert(
        
cls._base_manager, 
using, insert_fields, 
returning_fields, raw
    )
  File "S:\Projects\LeetG
ram\.venv\Lib\site-packag
es\django\db\models\base.
py", line 1220, in 
_do_insert
    return 
manager._insert(
           
~~~~~~~~~~~~~~~^
        [self],
        ^^^^^^^
    ...<3 lines>...
        raw=raw,
        ^^^^^^^^
    )
    ^
  File "S:\Projects\LeetG
ram\.venv\Lib\site-packag
es\django\db\models\manag
er.py", line 87, in 
manager_method
    return getattr(self.g
et_queryset(), 
name)(*args, **kwargs)
           ~~~~~~~~~~~~~~
~~~~~~~~~~~~~~~~~~~~^^^^^
^^^^^^^^^^^^
  File "S:\Projects\LeetG
ram\.venv\Lib\site-packag
es\django\db\models\query
.py", line 1918, in 
_insert
    return query.get_comp
iler(using=using).execute
_sql(returning_fields)
  Applying users.0004_remove_user_codeforces_username_and_more... OK
System check identified no issues (0 silenced).
           ~~~~~~~~~~~~~~
~~~~~~~~~~~~~~~~~~~~~~~~~
~~~~^^^^^^^^^^^^^^^^^^
  File "S:\Projects\LeetG
ram\.venv\Lib\site-packag
es\django\db\models\sql\c
ompiler.py", line 1925, 
in execute_sql
    cursor.execute(sql, 
params)
    ~~~~~~~~~~~~~~^^^^^^^
^^^^^^
  File "S:\Projects\LeetG
ram\.venv\Lib\site-packag
es\django\db\backends\uti
ls.py", line 79, in 
execute
    return self._execute_
with_wrappers(
           ~~~~~~~~~~~~~~
~~~~~~~~~~~~~^
        sql, params, 
many=False, 
executor=self._execute
        ^^^^^^^^^^^^^^^^^
^^^^^^^^^^^^^^^^^^^^^^^^^
^^^^^
    )
    ^
  File "S:\Projects\LeetG
ram\.venv\Lib\site-packag
es\django\db\backends\uti
ls.py", line 92, in 
_execute_with_wrappers
    return executor(sql, 
params, many, context)
  File "S:\Projects\LeetG
ram\.venv\Lib\site-packag
es\django\db\backends\uti
ls.py", line 100, in 
_execute
    with self.db.wrap_dat
abase_errors:
         ^^^^^^^^^^^^^^^^
^^^^^^^^^^^^
  File "S:\Projects\LeetG
ram\.venv\Lib\site-packag
es\django\db\utils.py", 
line 94, in __exit__
    raise dj_exc_value.wi
th_traceback(traceback) 
from exc_value
  File "S:\Projects\LeetG
ram\.venv\Lib\site-packag
es\django\db\backends\uti
ls.py", line 105, in 
_execute
    return 
self.cursor.execute(sql, 
params)
           ~~~~~~~~~~~~~~
~~~~~^^^^^^^^^^^^^
  File "S:\Projects\LeetG
ram\.venv\Lib\site-packag
es\django\db\backends\sql
ite3\base.py", line 359, 
in execute
    return 
super().execute(query, 
params)
           ~~~~~~~~~~~~~~
~^^^^^^^^^^^^^^^
django.db.utils.Operation
alError: table integratio
ns_externalprofileconnect
ion has no column named 
error_message

-------------------------
-------------------------
--------------------
Ran 3 tests in 3.092s

FAILED (errors=2)
Destroying test database 
for alias 'default' ('fil
e:memorydb_default?mode=m
emory&cache=shared')...

